-0.2
2.2
2.6
3.0
3.2
11.4
11.2
6.0
-15.2
-32.2
-43.2
-38.0
-41.2
-44.3
-52.9
-49.0
-30.6
-4.0
-1.8
-0.3
0.9
1.4
2.1
2.7
