0.0000
0.0000
0.0000
0.0000
0.0000
0.3950
0.3945
0.3936
0.3267
0.3677
0.3815
0.3949
0.3950
0.3949
0.3820
0.3679
0.3288
0.3932
0.3944
0.3950
0.0000
0.0000
0.0000
0.0000
