0.0
0.0
0.0
0.0
0.0
294.6
260.5
85.7
0.0
0.0
0.0
0.0
-105.7
-220.2
-300.8
-325.8
-301.2
-237.2
0.0
0.0
0.0
0.0
0.0
0.0
