26.9
25.5
25.9
26.3
21.4
20.4
18.4
15.8
18.8
18.8
23.0
21.8
23.8
22.6
22.6
19.4
17.7
18.8
18.8
16.2
12.4
13.5
12.1
15.3
