0.0
0.0
0.0
0.0
0.0
1828.8
3600.0
4946.3
7972.2
17556.4
26969.7
35344.9
36984.7
35250.8
26616.7
17843.3
8135.8
5188.0
3790.0
1909.6
0.0
0.0
0.0
0.0
