0.0,0.0
0.0,0.0
0.0,0.0
0.0,0.0
0.0,0.0
385.1,369.0
687.0,687.6
848.4,880.8
1187.6,1191.2
2538.3,1766.3
3257.2,2431.7
3796.9,2905.8
3920.3,4149.2
3675.9,3892.3
2530.3,3220.6
1710.4,2469.3
1235.4,1218.8
936.9,904.2
727.3,729.2
385.1,403.6
0.0,0.0
0.0,0.0
0.0,0.0
0.0,0.0
