24.7
32.0
37.1
40.3
41.0
25.8
12.5
-1.7
-102.4
-163.5
-196.2
-179.1
-187.2
-183.2
-204.8
-183.3
-127.4
-42.1
-27.9
-13.7
4.1
13.0
26.5
37.0
