0.0
0.0
0.0
0.0
0.0
0.6
1.2
1.8
4.9
10.7
14.6
15.4
15.9
15.1
14.2
10.6
4.9
1.9
1.3
0.6
0.0
0.0
0.0
0.0
