0.0
0.0
0.0
0.0
0.0
22.5
45.9
68.4
217.5
392.1
530.0
616.5
634.3
613.0
516.1
396.3
213.3
72.4
48.2
23.3
0.0
0.0
0.0
0.0
