0.0
0.0
0.0
0.0
0.0
0.5
1.1
1.8
24.1
34.6
38.8
28.6
29.6
28.3
37.3
34.8
23.4
1.9
1.2
0.5
0.0
0.0
0.0
0.0
