88.5
78.3
74.9
72.6
72.3
65.1
69.2
67.2
77.0
47.0
75.8
40.8
69.0
48.0
73.6
37.5
75.2
34.7
56.2
57.8
58.6
71.0
67.8
66.6
