0.0
0.0
0.0
0.0
0.0
44.9
91.2
133.7
228.2
535.7
837.2
1106.7
1160.3
1104.0
824.9
543.4
231.5
139.1
95.6
46.5
0.0
0.0
0.0
0.0
