291.7
292.2
292.0
291.9
291.9
294.1
294.1
294.1
294.5
295.4
296.2
297.0
297.1
297.1
297.1
297.1
297.1
297.1
296.8
296.5
296.2
295.8
295.4
295.0
