289.4
287.8
286.9
286.3
286.1
287.2
289.1
291.2
294.2
298.7
302.4
306.3
307.6
308.4
307.1
305.3
302.6
301.1
299.6
297.7
295.3
293.9
291.7
289.9
