0.0,0.0
0.0,0.0
0.0,0.0
0.0,0.0
0.0,0.0
384.5,365.3
685.2,682.6
844.7,876.7
1195.4,1202.7
2587.4,1672.3
3543.4,2458.7
3938.0,3521.1
3707.7,3707.3
3193.3,4084.6
2594.2,3064.2
1725.6,2343.3
1240.5,1239.3
933.2,897.3
725.2,722.2
384.4,399.3
0.0,0.0
0.0,0.0
0.0,0.0
0.0,0.0
