-0.2
2.2
2.6
3.0
3.2
11.4
11.2
6.0
-15.2
-32.2
-43.2
-37.9
-41.1
-44.3
-53.0
-49.1
-30.6
-4.1
-1.8
-0.3
0.9
1.4
2.1
2.7
