0.00,0.00
0.00,0.00
0.00,0.00
0.00,0.00
0.00,0.00
0.21,0.21
0.23,0.23
0.24,0.24
0.26,0.26
0.34,0.29
0.40,0.33
0.44,0.40
0.38,0.42
0.38,0.43
0.34,0.39
0.29,0.34
0.26,0.26
0.24,0.24
0.23,0.23
0.21,0.21
0.00,0.00
0.00,0.00
0.00,0.00
0.00,0.00
