0.0
0.0
0.0
0.0
0.0
294.6
260.5
85.7
0.0
0.0
0.0
0.0
-103.1
-218.6
-300.0
-325.1
-300.3
-236.4
0.0
0.0
0.0
0.0
0.0
0.0
