0.0
0.0
0.0
0.0
0.0
1828.6
3599.7
4943.9
7966.9
17584.9
26940.5
35441.4
36849.1
35269.9
26604.3
17810.1
8131.0
5190.3
3789.8
1909.5
0.0
0.0
0.0
0.0
