0.0,0.0
0.0,0.0
0.0,0.0
0.0,0.0
0.0,0.0
385.3,369.2
687.9,687.9
850.0,880.5
1187.2,1192.9
2445.7,1713.3
3474.7,2361.1
4093.3,3512.5
3127.7,3810.2
3223.7,3993.8
2528.7,3378.0
1767.6,2532.2
1249.6,1214.0
937.2,902.2
727.2,727.9
385.1,403.1
0.0,0.0
0.0,0.0
0.0,0.0
0.0,0.0
