24.7
32.0
37.1
40.3
41.0
25.8
12.5
-1.7
-102.2
-163.6
-196.4
-178.9
-187.0
-183.6
-204.9
-183.3
-127.5
-42.2
-27.9
-13.7
4.0
12.9
26.4
37.0
