0.0
0.0
0.0
0.0
0.0
22.5
45.9
69.7
216.1
391.2
531.7
604.7
632.9
610.7
517.2
390.5
215.9
75.6
48.2
23.3
0.0
0.0
0.0
0.0
