22,22,22,22,22
22,22,22,22,22
24,24,24,24,24
25,26,25,25,25
26,26,26,26,26
15,15,15,15,15
13,14,13,13,13
13,13,13,13,13
9,9,9,10,9
9,9,9,10,9
5,5,5,5,5
5,5,5,5,5
6,6,6,6,6
5,5,5,5,5
7,7,7,7,7
5,5,5,5,5
7,7,7,7,7
5,5,5,5,5
5,5,5,5,5
5,5,5,5,5
5,5,5,5,5
5,5,5,5,5
5,5,5,5,5
6,6,6,6,6
