99.0
100.0
100.0
100.0
100.0
97.0
92.0
79.0
74.0
58.0
53.0
47.0
41.0
41.0
41.0
37.0
38.0
39.0
42.0
47.0
52.0
71.0
76.0
84.0
