0.0
0.0
0.0
0.0
0.0
44.9
91.2
133.7
228.1
534.8
836.1
1109.5
1161.7
1104.0
825.9
542.7
231.4
139.2
95.6
46.5
0.0
0.0
0.0
0.0
