292.1
291.7
291.5
291.3
291.2
291.9
292.6
293.2
297.2
299.8
301.4
301.3
302.1
302.3
303.3
302.6
300.6
297.7
297.1
296.6
295.8
295.4
294.9
294.4
