289.8
288.1
287.2
286.6
286.5
287.5
289.3
291.6
293.9
296.3
298.5
300.4
301.9
303.0
303.8
303.9
303.8
302.8
301.3
299.6
297.8
295.5
293.2
290.9
