9.9
8.8
9.1
9.4
5.9
5.3
4.2
2.9
4.4
4.4
7.0
6.2
7.5
6.7
6.7
4.7
3.8
4.4
4.4
3.1
1.6
2.0
1.5
2.7
