0.00,0.00
0.00,0.00
0.00,0.00
0.00,0.00
0.00,0.00
0.18,0.18
0.20,0.20
0.21,0.21
0.23,0.23
0.30,0.26
0.35,0.30
0.40,0.34
0.38,0.39
0.35,0.37
0.31,0.36
0.26,0.32
0.23,0.23
0.21,0.21
0.20,0.20
0.18,0.18
0.00,0.00
0.00,0.00
0.00,0.00
0.00,0.00
