0.0,0.0
0.0,0.0
0.0,0.0
0.0,0.0
0.0,0.0
382.5,366.2
682.3,681.9
842.3,872.4
1176.8,1189.7
2394.1,1692.5
3436.3,2425.9
3780.9,3351.8
3430.2,3718.2
3053.2,4402.4
2368.9,3072.6
1765.9,2573.7
1239.7,1211.1
931.8,894.4
723.1,722.4
382.6,400.6
0.0,0.0
0.0,0.0
0.0,0.0
0.0,0.0
